2026-06-18 13:48:00.740 +03:00 [INF] Microsoft.EntityFrameworkCore.Database.Command: Executed DbCommand (73ms) [Parameters=[], CommandType='"Text"', CommandTimeout='30']
SELECT 1
2026-06-18 13:48:00.847 +03:00 [INF] Microsoft.EntityFrameworkCore.Database.Command: Executed DbCommand (31ms) [Parameters=[], CommandType='"Text"', CommandTimeout='30']
SELECT OBJECT_ID(N'[__EFMigrationsHistory]');
2026-06-18 13:48:00.870 +03:00 [INF] Microsoft.EntityFrameworkCore.Database.Command: Executed DbCommand (13ms) [Parameters=[], CommandType='"Text"', CommandTimeout='30']
SELECT 1
2026-06-18 13:48:00.887 +03:00 [INF] Microsoft.EntityFrameworkCore.Database.Command: Executed DbCommand (1ms) [Parameters=[], CommandType='"Text"', CommandTimeout='30']
SELECT OBJECT_ID(N'[__EFMigrationsHistory]');
2026-06-18 13:48:00.956 +03:00 [INF] Microsoft.EntityFrameworkCore.Database.Command: Executed DbCommand (7ms) [Parameters=[], CommandType='"Text"', CommandTimeout='30']
SELECT [MigrationId], [ProductVersion]
FROM [__EFMigrationsHistory]
ORDER BY [MigrationId];
2026-06-18 13:48:01.520 +03:00 [INF] Microsoft.EntityFrameworkCore.Database.Command: Executed DbCommand (3ms) [Parameters=[], CommandType='"Text"', CommandTimeout='30']
SELECT CASE
    WHEN EXISTS (
        SELECT 1
        FROM [Categories] AS [c]) THEN CAST(1 AS bit)
    ELSE CAST(0 AS bit)
END
2026-06-18 13:48:02.581 +03:00 [INF] Microsoft.Hosting.Lifetime: Now listening on: https://localhost:7272
2026-06-18 13:48:02.585 +03:00 [INF] Microsoft.Hosting.Lifetime: Now listening on: http://localhost:5179
2026-06-18 13:48:02.739 +03:00 [INF] Microsoft.Hosting.Lifetime: Application started. Press Ctrl+C to shut down.
2026-06-18 13:48:02.742 +03:00 [INF] Microsoft.Hosting.Lifetime: Hosting environment: Development
2026-06-18 13:48:02.744 +03:00 [INF] Microsoft.Hosting.Lifetime: Content root path: D:\Graduation Project\cyber_sphere\CyberSphere\CyberSphere.Api
2026-06-18 13:48:08.044 +03:00 [INF] Serilog.AspNetCore.RequestLoggingMiddleware: HTTP GET /swagger/index.html responded 200 in 122.2913ms
2026-06-18 13:48:08.507 +03:00 [INF] Serilog.AspNetCore.RequestLoggingMiddleware: HTTP GET /swagger/v1/swagger.json responded 200 in 148.1701ms
2026-06-18 15:07:48.585 +03:00 [INF] Microsoft.EntityFrameworkCore.Database.Command: Executed DbCommand (22ms) [Parameters=[], CommandType='"Text"', CommandTimeout='30']
SELECT 1
2026-06-18 15:07:49.826 +03:00 [INF] Microsoft.EntityFrameworkCore.Database.Command: Executed DbCommand (1,198ms) [Parameters=[], CommandType='"Text"', CommandTimeout='30']
SELECT OBJECT_ID(N'[__EFMigrationsHistory]');
2026-06-18 15:07:49.837 +03:00 [INF] Microsoft.EntityFrameworkCore.Database.Command: Executed DbCommand (2ms) [Parameters=[], CommandType='"Text"', CommandTimeout='30']
SELECT 1
2026-06-18 15:07:49.840 +03:00 [INF] Microsoft.EntityFrameworkCore.Database.Command: Executed DbCommand (1ms) [Parameters=[], CommandType='"Text"', CommandTimeout='30']
SELECT OBJECT_ID(N'[__EFMigrationsHistory]');
2026-06-18 15:07:49.972 +03:00 [INF] Microsoft.EntityFrameworkCore.Database.Command: Executed DbCommand (98ms) [Parameters=[], CommandType='"Text"', CommandTimeout='30']
SELECT [MigrationId], [ProductVersion]
FROM [__EFMigrationsHistory]
ORDER BY [MigrationId];
2026-06-18 15:07:51.775 +03:00 [INF] Microsoft.EntityFrameworkCore.Database.Command: Executed DbCommand (729ms) [Parameters=[], CommandType='"Text"', CommandTimeout='30']
SELECT CASE
    WHEN EXISTS (
        SELECT 1
        FROM [Categories] AS [c]) THEN CAST(1 AS bit)
    ELSE CAST(0 AS bit)
END
2026-06-18 15:07:52.285 +03:00 [INF] Microsoft.Hosting.Lifetime: Now listening on: https://localhost:7272
2026-06-18 15:07:52.288 +03:00 [INF] Microsoft.Hosting.Lifetime: Now listening on: http://localhost:5179
2026-06-18 15:07:52.454 +03:00 [INF] Microsoft.Hosting.Lifetime: Application started. Press Ctrl+C to shut down.
2026-06-18 15:07:52.457 +03:00 [INF] Microsoft.Hosting.Lifetime: Hosting environment: Development
2026-06-18 15:07:52.458 +03:00 [INF] Microsoft.Hosting.Lifetime: Content root path: D:\Graduation Project\cyber_sphere\CyberSphere\CyberSphere.Api
2026-06-18 15:07:54.632 +03:00 [INF] Serilog.AspNetCore.RequestLoggingMiddleware: HTTP GET /swagger/index.html responded 200 in 81.6611ms
2026-06-18 15:07:55.646 +03:00 [INF] Serilog.AspNetCore.RequestLoggingMiddleware: HTTP GET /swagger/v1/swagger.json responded 200 in 845.9213ms
2026-06-18 15:08:59.878 +03:00 [INF] Serilog.AspNetCore.RequestLoggingMiddleware: HTTP GET /swagger/index.html responded 200 in 15.7172ms
2026-06-18 15:09:00.108 +03:00 [INF] Serilog.AspNetCore.RequestLoggingMiddleware: HTTP GET /swagger/swagger-ui.css responded 200 in 64.9824ms
2026-06-18 15:09:00.112 +03:00 [INF] Serilog.AspNetCore.RequestLoggingMiddleware: HTTP GET /swagger/swagger-ui-standalone-preset.js responded 200 in 51.9138ms
2026-06-18 15:09:00.128 +03:00 [INF] Serilog.AspNetCore.RequestLoggingMiddleware: HTTP GET /swagger/swagger-ui-bundle.js responded 200 in 67.5486ms
2026-06-18 15:09:06.909 +03:00 [INF] Serilog.AspNetCore.RequestLoggingMiddleware: HTTP GET /swagger/favicon-32x32.png responded 200 in 0.4227ms
2026-06-18 15:09:07.022 +03:00 [INF] Serilog.AspNetCore.RequestLoggingMiddleware: HTTP GET /swagger/v1/swagger.json responded 200 in 128.2246ms
2026-06-18 15:09:27.534 +03:00 [INF] Serilog.AspNetCore.RequestLoggingMiddleware: HTTP GET /swagger/index.html responded 200 in 1.4805ms
2026-06-18 15:09:51.251 +03:00 [INF] Serilog.AspNetCore.RequestLoggingMiddleware: HTTP GET /swagger/index.html responded 200 in 1.1232ms
2026-06-18 15:09:52.675 +03:00 [INF] Serilog.AspNetCore.RequestLoggingMiddleware: HTTP GET /swagger/v1/swagger.json responded 200 in 39.7363ms
2026-06-18 15:10:49.244 +03:00 [INF] Serilog.AspNetCore.RequestLoggingMiddleware: HTTP GET /swagger/index.html responded 200 in 0.3497ms
2026-06-18 15:10:49.788 +03:00 [INF] Serilog.AspNetCore.RequestLoggingMiddleware: HTTP GET /swagger/swagger-ui.css responded 200 in 1.7010ms
2026-06-18 15:10:49.810 +03:00 [INF] Serilog.AspNetCore.RequestLoggingMiddleware: HTTP GET /swagger/swagger-ui-bundle.js responded 200 in 5.8425ms
2026-06-18 15:10:49.879 +03:00 [INF] Serilog.AspNetCore.RequestLoggingMiddleware: HTTP GET /swagger/swagger-ui-standalone-preset.js responded 200 in 8.4715ms
2026-06-18 15:10:57.724 +03:00 [INF] Serilog.AspNetCore.RequestLoggingMiddleware: HTTP GET /swagger/favicon-32x32.png responded 200 in 0.2210ms
2026-06-18 15:10:57.751 +03:00 [INF] Serilog.AspNetCore.RequestLoggingMiddleware: HTTP GET /swagger/v1/swagger.json responded 200 in 32.1761ms
2026-06-18 15:48:48.053 +03:00 [INF] Serilog.AspNetCore.RequestLoggingMiddleware: HTTP GET /swagger/index.html responded 200 in 0.4367ms
2026-06-18 15:49:48.066 +03:00 [INF] Serilog.AspNetCore.RequestLoggingMiddleware: HTTP GET /swagger/index.html responded 200 in 0.4434ms
2026-06-18 15:49:49.458 +03:00 [INF] Serilog.AspNetCore.RequestLoggingMiddleware: HTTP GET /swagger/v1/swagger.json responded 200 in 48.8472ms
2026-06-18 15:51:47.844 +03:00 [INF] Serilog.AspNetCore.RequestLoggingMiddleware: HTTP GET /swagger/index.html responded 200 in 12.2555ms
2026-06-18 15:51:48.016 +03:00 [INF] Serilog.AspNetCore.RequestLoggingMiddleware: HTTP GET /swagger/v1/swagger.json responded 200 in 55.7990ms
2026-06-18 15:52:24.951 +03:00 [INF] Serilog.AspNetCore.RequestLoggingMiddleware: HTTP GET /swagger/index.html responded 200 in 0.7961ms
2026-06-18 15:52:26.128 +03:00 [INF] Serilog.AspNetCore.RequestLoggingMiddleware: HTTP GET /swagger/v1/swagger.json responded 200 in 49.1356ms
2026-06-18 16:08:04.321 +03:00 [INF] Serilog.AspNetCore.RequestLoggingMiddleware: HTTP GET / responded 404 in 1935.8719ms
2026-06-18 16:12:30.151 +03:00 [INF] Microsoft.EntityFrameworkCore.Database.Command: Executed DbCommand (21ms) [Parameters=[], CommandType='"Text"', CommandTimeout='30']
SELECT 1
2026-06-18 16:12:30.246 +03:00 [INF] Microsoft.EntityFrameworkCore.Database.Command: Executed DbCommand (57ms) [Parameters=[], CommandType='"Text"', CommandTimeout='30']
SELECT OBJECT_ID(N'[__EFMigrationsHistory]');
2026-06-18 16:12:30.250 +03:00 [INF] Microsoft.EntityFrameworkCore.Database.Command: Executed DbCommand (1ms) [Parameters=[], CommandType='"Text"', CommandTimeout='30']
SELECT 1
2026-06-18 16:12:30.252 +03:00 [INF] Microsoft.EntityFrameworkCore.Database.Command: Executed DbCommand (0ms) [Parameters=[], CommandType='"Text"', CommandTimeout='30']
SELECT OBJECT_ID(N'[__EFMigrationsHistory]');
2026-06-18 16:12:30.274 +03:00 [INF] Microsoft.EntityFrameworkCore.Database.Command: Executed DbCommand (11ms) [Parameters=[], CommandType='"Text"', CommandTimeout='30']
SELECT [MigrationId], [ProductVersion]
FROM [__EFMigrationsHistory]
ORDER BY [MigrationId];
2026-06-18 16:12:30.471 +03:00 [INF] Microsoft.EntityFrameworkCore.Database.Command: Executed DbCommand (2ms) [Parameters=[], CommandType='"Text"', CommandTimeout='30']
SELECT CASE
    WHEN EXISTS (
        SELECT 1
        FROM [Categories] AS [c]) THEN CAST(1 AS bit)
    ELSE CAST(0 AS bit)
END
2026-06-18 16:12:30.656 +03:00 [INF] Microsoft.Hosting.Lifetime: Now listening on: https://localhost:7272
2026-06-18 16:12:30.658 +03:00 [INF] Microsoft.Hosting.Lifetime: Now listening on: http://localhost:5179
2026-06-18 16:12:30.767 +03:00 [INF] Microsoft.Hosting.Lifetime: Application started. Press Ctrl+C to shut down.
2026-06-18 16:12:30.769 +03:00 [INF] Microsoft.Hosting.Lifetime: Hosting environment: Development
2026-06-18 16:12:30.770 +03:00 [INF] Microsoft.Hosting.Lifetime: Content root path: D:\Graduation Project\cyber_sphere\CyberSphere\CyberSphere.Api
2026-06-18 16:12:31.548 +03:00 [INF] Serilog.AspNetCore.RequestLoggingMiddleware: HTTP GET /swagger/index.html responded 200 in 193.7775ms
2026-06-18 16:12:31.845 +03:00 [INF] Serilog.AspNetCore.RequestLoggingMiddleware: HTTP GET /swagger/v1/swagger.json responded 200 in 109.7195ms
2026-06-18 16:12:37.056 +03:00 [INF] Serilog.AspNetCore.RequestLoggingMiddleware: HTTP GET / responded 404 in 64.8808ms
2026-06-18 16:12:48.382 +03:00 [INF] Serilog.AspNetCore.RequestLoggingMiddleware: HTTP GET / responded 404 in 3.7419ms
2026-06-18 16:12:50.715 +03:00 [INF] Serilog.AspNetCore.RequestLoggingMiddleware: HTTP GET / responded 404 in 2.2554ms
2026-06-18 16:12:52.138 +03:00 [INF] Serilog.AspNetCore.RequestLoggingMiddleware: HTTP GET / responded 404 in 0.2075ms
2026-06-18 16:12:52.436 +03:00 [INF] Serilog.AspNetCore.RequestLoggingMiddleware: HTTP GET / responded 404 in 0.1631ms
2026-06-18 16:12:53.136 +03:00 [INF] Serilog.AspNetCore.RequestLoggingMiddleware: HTTP GET / responded 404 in 0.1396ms
2026-06-18 16:12:53.512 +03:00 [INF] Serilog.AspNetCore.RequestLoggingMiddleware: HTTP GET / responded 404 in 0.1627ms
2026-06-18 16:13:04.374 +03:00 [INF] Serilog.AspNetCore.RequestLoggingMiddleware: HTTP GET / responded 404 in 0.2645ms
2026-06-18 16:13:17.232 +03:00 [INF] Serilog.AspNetCore.RequestLoggingMiddleware: HTTP GET /swagger/index.html responded 200 in 1.7938ms
2026-06-18 16:13:18.311 +03:00 [INF] Serilog.AspNetCore.RequestLoggingMiddleware: HTTP GET /swagger/v1/swagger.json responded 200 in 148.1825ms
2026-06-18 16:14:18.757 +03:00 [INF] Serilog.AspNetCore.RequestLoggingMiddleware: HTTP GET /swagger/index.html responded 200 in 0.7774ms
2026-06-18 16:14:20.188 +03:00 [INF] Serilog.AspNetCore.RequestLoggingMiddleware: HTTP GET /swagger/v1/swagger.json responded 200 in 53.6618ms
2026-06-18 16:17:13.146 +03:00 [INF] Serilog.AspNetCore.RequestLoggingMiddleware: HTTP GET /swagger/index.html'; responded 404 in 0.4479ms
2026-06-18 16:23:38.934 +03:00 [INF] Serilog.AspNetCore.RequestLoggingMiddleware: HTTP GET / responded 404 in 0.2282ms
2026-06-18 16:24:16.528 +03:00 [INF] Microsoft.EntityFrameworkCore.Database.Command: Executed DbCommand (23ms) [Parameters=[], CommandType='"Text"', CommandTimeout='30']
SELECT 1
2026-06-18 16:24:17.077 +03:00 [INF] Microsoft.EntityFrameworkCore.Database.Command: Executed DbCommand (508ms) [Parameters=[], CommandType='"Text"', CommandTimeout='30']
SELECT OBJECT_ID(N'[__EFMigrationsHistory]');
2026-06-18 16:24:17.081 +03:00 [INF] Microsoft.EntityFrameworkCore.Database.Command: Executed DbCommand (1ms) [Parameters=[], CommandType='"Text"', CommandTimeout='30']
SELECT 1
2026-06-18 16:24:17.083 +03:00 [INF] Microsoft.EntityFrameworkCore.Database.Command: Executed DbCommand (1ms) [Parameters=[], CommandType='"Text"', CommandTimeout='30']
SELECT OBJECT_ID(N'[__EFMigrationsHistory]');
2026-06-18 16:24:17.101 +03:00 [INF] Microsoft.EntityFrameworkCore.Database.Command: Executed DbCommand (6ms) [Parameters=[], CommandType='"Text"', CommandTimeout='30']
SELECT [MigrationId], [ProductVersion]
FROM [__EFMigrationsHistory]
ORDER BY [MigrationId];
2026-06-18 16:24:17.702 +03:00 [INF] Microsoft.EntityFrameworkCore.Database.Command: Executed DbCommand (370ms) [Parameters=[], CommandType='"Text"', CommandTimeout='30']
SELECT CASE
    WHEN EXISTS (
        SELECT 1
        FROM [Categories] AS [c]) THEN CAST(1 AS bit)
    ELSE CAST(0 AS bit)
END
2026-06-18 16:24:17.911 +03:00 [INF] Microsoft.Hosting.Lifetime: Now listening on: https://localhost:7272
2026-06-18 16:24:17.912 +03:00 [INF] Microsoft.Hosting.Lifetime: Now listening on: http://localhost:5179
2026-06-18 16:24:18.040 +03:00 [INF] Microsoft.Hosting.Lifetime: Application started. Press Ctrl+C to shut down.
2026-06-18 16:24:18.041 +03:00 [INF] Microsoft.Hosting.Lifetime: Hosting environment: Development
2026-06-18 16:24:18.042 +03:00 [INF] Microsoft.Hosting.Lifetime: Content root path: D:\Graduation Project\cyber_sphere\CyberSphere\CyberSphere.Api
2026-06-18 16:24:18.595 +03:00 [INF] Serilog.AspNetCore.RequestLoggingMiddleware: HTTP GET /swagger/index.html responded 200 in 136.7967ms
2026-06-18 16:24:19.458 +03:00 [INF] Serilog.AspNetCore.RequestLoggingMiddleware: HTTP GET /swagger/v1/swagger.json responded 200 in 263.2304ms
2026-06-18 16:24:33.334 +03:00 [INF] Serilog.AspNetCore.RequestLoggingMiddleware: HTTP GET /swagger/index.html responded 200 in 9.1496ms
2026-06-18 16:24:34.635 +03:00 [INF] Serilog.AspNetCore.RequestLoggingMiddleware: HTTP GET /swagger/v1/swagger.json responded 200 in 55.5164ms
2026-06-18 16:25:56.885 +03:00 [INF] Serilog.AspNetCore.RequestLoggingMiddleware: HTTP GET /swagger/index.html responded 200 in 0.3504ms
2026-06-18 16:25:57.147 +03:00 [INF] Serilog.AspNetCore.RequestLoggingMiddleware: HTTP GET /swagger/swagger-ui.css responded 200 in 38.1577ms
2026-06-18 16:25:57.151 +03:00 [INF] Serilog.AspNetCore.RequestLoggingMiddleware: HTTP GET /swagger/swagger-ui-standalone-preset.js responded 200 in 4.5465ms
2026-06-18 16:25:57.187 +03:00 [INF] Serilog.AspNetCore.RequestLoggingMiddleware: HTTP GET /swagger/swagger-ui-bundle.js responded 200 in 18.6366ms
2026-06-18 16:25:59.402 +03:00 [INF] Serilog.AspNetCore.RequestLoggingMiddleware: HTTP GET /swagger/index.html responded 200 in 0.3768ms
2026-06-18 16:26:01.401 +03:00 [INF] Serilog.AspNetCore.RequestLoggingMiddleware: HTTP GET /swagger/v1/swagger.json responded 200 in 53.5503ms
2026-06-18 16:26:04.751 +03:00 [INF] Serilog.AspNetCore.RequestLoggingMiddleware: HTTP GET /swagger/v1/swagger.json responded 200 in 50.8046ms
2026-06-18 16:26:04.835 +03:00 [INF] Serilog.AspNetCore.RequestLoggingMiddleware: HTTP GET /swagger/favicon-32x32.png responded 200 in 0.3618ms
2026-06-18 16:27:25.953 +03:00 [INF] Serilog.AspNetCore.RequestLoggingMiddleware: HTTP GET /swagger/index.html` responded 404 in 66.6261ms
2026-06-18 16:27:54.963 +03:00 [INF] Serilog.AspNetCore.RequestLoggingMiddleware: HTTP GET /swagger/index.html responded 200 in 0.4816ms
2026-06-18 16:27:56.377 +03:00 [INF] Serilog.AspNetCore.RequestLoggingMiddleware: HTTP GET /swagger/v1/swagger.json responded 200 in 35.2549ms
2026-06-18 16:33:19.360 +03:00 [INF] Serilog.AspNetCore.RequestLoggingMiddleware: HTTP GET /swagger/index.html` responded 404 in 1.7855ms
2026-06-18 16:35:45.128 +03:00 [INF] Serilog.AspNetCore.RequestLoggingMiddleware: HTTP GET / responded 404 in 1.6837ms
2026-06-18 16:43:39.204 +03:00 [INF] Serilog.AspNetCore.RequestLoggingMiddleware: HTTP GET / responded 404 in 0.4560ms
2026-06-18 16:57:40.890 +03:00 [INF] Serilog.AspNetCore.RequestLoggingMiddleware: HTTP GET / responded 404 in 0.3309ms
2026-06-18 17:06:02.249 +03:00 [INF] Microsoft.EntityFrameworkCore.Database.Command: Executed DbCommand (23ms) [Parameters=[], CommandType='"Text"', CommandTimeout='30']
SELECT 1
2026-06-18 17:06:02.330 +03:00 [INF] Microsoft.EntityFrameworkCore.Database.Command: Executed DbCommand (38ms) [Parameters=[], CommandType='"Text"', CommandTimeout='30']
SELECT OBJECT_ID(N'[__EFMigrationsHistory]');
2026-06-18 17:06:02.338 +03:00 [INF] Microsoft.EntityFrameworkCore.Database.Command: Executed DbCommand (2ms) [Parameters=[], CommandType='"Text"', CommandTimeout='30']
SELECT 1
2026-06-18 17:06:02.340 +03:00 [INF] Microsoft.EntityFrameworkCore.Database.Command: Executed DbCommand (1ms) [Parameters=[], CommandType='"Text"', CommandTimeout='30']
SELECT OBJECT_ID(N'[__EFMigrationsHistory]');
2026-06-18 17:06:02.361 +03:00 [INF] Microsoft.EntityFrameworkCore.Database.Command: Executed DbCommand (9ms) [Parameters=[], CommandType='"Text"', CommandTimeout='30']
SELECT [MigrationId], [ProductVersion]
FROM [__EFMigrationsHistory]
ORDER BY [MigrationId];
2026-06-18 17:06:02.537 +03:00 [INF] Microsoft.EntityFrameworkCore.Database.Command: Executed DbCommand (3ms) [Parameters=[], CommandType='"Text"', CommandTimeout='30']
SELECT CASE
    WHEN EXISTS (
        SELECT 1
        FROM [Categories] AS [c]) THEN CAST(1 AS bit)
    ELSE CAST(0 AS bit)
END
2026-06-18 17:06:02.722 +03:00 [INF] Microsoft.Hosting.Lifetime: Now listening on: https://localhost:7272
2026-06-18 17:06:02.724 +03:00 [INF] Microsoft.Hosting.Lifetime: Now listening on: http://localhost:5179
2026-06-18 17:06:02.818 +03:00 [INF] Microsoft.Hosting.Lifetime: Application started. Press Ctrl+C to shut down.
2026-06-18 17:06:02.820 +03:00 [INF] Microsoft.Hosting.Lifetime: Hosting environment: Development
2026-06-18 17:06:02.821 +03:00 [INF] Microsoft.Hosting.Lifetime: Content root path: D:\Graduation Project\cyber_sphere\CyberSphere\CyberSphere.Api
2026-06-18 17:06:03.597 +03:00 [INF] Serilog.AspNetCore.RequestLoggingMiddleware: HTTP GET /swagger/index.html responded 200 in 121.7210ms
2026-06-18 17:06:03.857 +03:00 [INF] Serilog.AspNetCore.RequestLoggingMiddleware: HTTP GET /swagger/v1/swagger.json responded 200 in 101.5884ms
2026-06-18 17:06:16.023 +03:00 [INF] Serilog.AspNetCore.RequestLoggingMiddleware: HTTP GET / responded 301 in 0.8693ms
2026-06-18 17:06:16.448 +03:00 [INF] Serilog.AspNetCore.RequestLoggingMiddleware: HTTP GET /index.html responded 200 in 1.5695ms
2026-06-18 17:06:16.714 +03:00 [INF] Serilog.AspNetCore.RequestLoggingMiddleware: HTTP GET /swagger-ui-standalone-preset.js responded 200 in 17.1732ms
2026-06-18 17:06:16.714 +03:00 [INF] Serilog.AspNetCore.RequestLoggingMiddleware: HTTP GET /swagger-ui.css responded 200 in 34.9123ms
2026-06-18 17:06:16.715 +03:00 [INF] Serilog.AspNetCore.RequestLoggingMiddleware: HTTP GET /swagger-ui-bundle.js responded 200 in 25.5160ms
2026-06-18 17:06:31.565 +03:00 [INF] Serilog.AspNetCore.RequestLoggingMiddleware: HTTP GET /favicon-32x32.png responded 200 in 0.2059ms
2026-06-18 17:06:31.613 +03:00 [INF] Serilog.AspNetCore.RequestLoggingMiddleware: HTTP GET /swagger/v1/swagger.json responded 200 in 63.3548ms
2026-06-18 17:06:36.839 +03:00 [INF] Serilog.AspNetCore.RequestLoggingMiddleware: HTTP GET /swagger/index.html responded 200 in 0.5689ms
2026-06-18 17:06:38.160 +03:00 [INF] Serilog.AspNetCore.RequestLoggingMiddleware: HTTP GET /swagger/v1/swagger.json responded 200 in 37.5172ms
2026-06-18 17:12:31.312 +03:00 [INF] Serilog.AspNetCore.RequestLoggingMiddleware: HTTP GET / responded 301 in 0.1386ms
2026-06-18 17:12:31.471 +03:00 [INF] Serilog.AspNetCore.RequestLoggingMiddleware: HTTP GET /index.html responded 200 in 0.9855ms
2026-06-18 17:12:34.188 +03:00 [INF] Serilog.AspNetCore.RequestLoggingMiddleware: HTTP GET /index.html responded 200 in 0.5290ms
2026-06-18 17:12:35.412 +03:00 [INF] Serilog.AspNetCore.RequestLoggingMiddleware: HTTP GET /swagger/v1/swagger.json responded 200 in 32.1722ms
2026-06-18 17:13:21.825 +03:00 [INF] Serilog.AspNetCore.RequestLoggingMiddleware: HTTP GET /api/auth/login/ responded 405 in 57.3084ms
2026-06-18 17:13:32.114 +03:00 [INF] Serilog.AspNetCore.RequestLoggingMiddleware: HTTP GET /api/auth/login responded 405 in 1.2796ms
2026-06-18 17:16:26.074 +03:00 [INF] Serilog.AspNetCore.RequestLoggingMiddleware: HTTP GET /favicon.ico responded 404 in 0.6763ms
2026-06-18 17:38:15.917 +03:00 [WRN] LuckyPennySoftware.MediatR.License: You do not have a valid license key for the Lucky Penny software MediatR. This is allowed for development and testing scenarios. If you are running in production you are required to have a licensed version. Please visit https://luckypennysoftware.com to obtain a valid license.
2026-06-18 17:38:15.985 +03:00 [INF] CyberSphere.Application.Common.Behaviors.LoggingBehavior: Handling LoginCommand
2026-06-18 17:38:16.224 +03:00 [INF] Microsoft.EntityFrameworkCore.Database.Command: Executed DbCommand (99ms) [Parameters=[@__ToLowerInvariant_0='?' (Size = 200)], CommandType='"Text"', CommandTimeout='30']
SELECT TOP(1) [u].[Id], [u].[Bio], [u].[CreatedAt], [u].[Email], [u].[GitHubUrl], [u].[PasswordHash], [u].[PasswordResetToken], [u].[PasswordResetTokenExpiry], [u].[ProfilePictureUrl], [u].[RefreshToken], [u].[RefreshTokenExpiry], [u].[Role], [u].[TotalToolsUploaded], [u].[UserName]
FROM [Users] AS [u]
WHERE [u].[Email] = @__ToLowerInvariant_0
2026-06-18 17:38:17.061 +03:00 [INF] Microsoft.EntityFrameworkCore.Database.Command: Executed DbCommand (22ms) [Parameters=[@p2='?' (DbType = Guid), @p0='?' (Size = 500), @p1='?' (DbType = DateTime2)], CommandType='"Text"', CommandTimeout='30']
SET IMPLICIT_TRANSACTIONS OFF;
SET NOCOUNT ON;
UPDATE [Users] SET [RefreshToken] = @p0, [RefreshTokenExpiry] = @p1
OUTPUT 1
WHERE [Id] = @p2;
2026-06-18 17:38:17.075 +03:00 [WRN] CyberSphere.Application.Common.Behaviors.LoggingBehavior: Slow request: LoginCommand took 1088ms
2026-06-18 17:38:17.101 +03:00 [INF] Serilog.AspNetCore.RequestLoggingMiddleware: HTTP POST /api/auth/login responded 200 in 1249.2829ms
2026-06-18 17:39:19.508 +03:00 [INF] CyberSphere.Application.Common.Behaviors.LoggingBehavior: Handling StartAiSessionCommand
2026-06-18 17:39:19.610 +03:00 [INF] Microsoft.EntityFrameworkCore.Database.Command: Executed DbCommand (7ms) [Parameters=[@__userId_0='?' (DbType = Guid)], CommandType='"Text"', CommandTimeout='30']
SELECT TOP(1) [u].[UserId], [u].[CreatedAt], [u].[LastActivityAt], [u].[TotalRequests], [u].[TotalSessions], [u].[TotalTokensUsed]
FROM [UserAiStats] AS [u]
WHERE [u].[UserId] = @__userId_0
2026-06-18 17:39:19.719 +03:00 [INF] Microsoft.EntityFrameworkCore.Database.Command: Executed DbCommand (37ms) [Parameters=[@p0='?' (DbType = Guid), @p1='?' (DbType = DateTime2), @p2='?' (DbType = DateTime2), @p3='?' (Size = 20), @p4='?' (Size = 100), @p5='?' (DbType = Guid), @p6='?' (DbType = Guid), @p7='?' (DbType = DateTime2), @p8='?' (DbType = DateTime2), @p9='?' (DbType = Int32)], CommandType='"Text"', CommandTimeout='30']
SET NOCOUNT ON;
INSERT INTO [AiSessions] ([Id], [EndedAt], [StartedAt], [Status], [Title], [UserId])
VALUES (@p0, @p1, @p2, @p3, @p4, @p5);
INSERT INTO [UserAiStats] ([UserId], [CreatedAt], [LastActivityAt], [TotalSessions])
OUTPUT INSERTED.[TotalRequests], INSERTED.[TotalTokensUsed]
VALUES (@p6, @p7, @p8, @p9);
2026-06-18 17:39:19.744 +03:00 [INF] CyberSphere.Application.Common.Behaviors.LoggingBehavior: Handled StartAiSessionCommand in 234ms
2026-06-18 17:39:19.771 +03:00 [INF] Serilog.AspNetCore.RequestLoggingMiddleware: HTTP POST /api/ai/sessions responded 201 in 339.2748ms
2026-06-18 17:39:57.395 +03:00 [INF] CyberSphere.Application.Common.Behaviors.LoggingBehavior: Handling SendAiMessageCommand
2026-06-18 17:39:57.710 +03:00 [INF] Microsoft.EntityFrameworkCore.Database.Command: Executed DbCommand (3ms) [Parameters=[@__id_0='?' (DbType = Guid)], CommandType='"Text"', CommandTimeout='30']
SELECT [t].[Id], [t].[EndedAt], [t].[StartedAt], [t].[Status], [t].[Title], [t].[UserId], [a0].[Id], [a0].[Content], [a0].[CreatedAt], [a0].[ErrorMessage], [a0].[IsError], [a0].[LatencyMs], [a0].[Role], [a0].[SessionId], [a0].[TokensUsed]
FROM (
    SELECT TOP(1) [a].[Id], [a].[EndedAt], [a].[StartedAt], [a].[Status], [a].[Title], [a].[UserId]
    FROM [AiSessions] AS [a]
    WHERE [a].[Id] = @__id_0
) AS [t]
LEFT JOIN [AiMessages] AS [a0] ON [t].[Id] = [a0].[SessionId]
ORDER BY [t].[Id]
2026-06-18 17:39:57.722 +03:00 [INF] CyberSphere.Application.Features.Ai.Commands.SendMessage.SendAiMessageCommandHandler: Forwarding AI request for session "8625788c-c976-4794-a3a5-47a9ec70e6bc", user "9b8152a6-7e7c-4910-ae4d-f447f8154b42", message length 9
2026-06-18 17:40:01.309 +03:00 [INF] Microsoft.EntityFrameworkCore.Database.Command: Executed DbCommand (1ms) [Parameters=[@__userId_0='?' (DbType = Guid)], CommandType='"Text"', CommandTimeout='30']
SELECT TOP(1) [u].[UserId], [u].[CreatedAt], [u].[LastActivityAt], [u].[TotalRequests], [u].[TotalSessions], [u].[TotalTokensUsed]
FROM [UserAiStats] AS [u]
WHERE [u].[UserId] = @__userId_0
2026-06-18 17:40:01.392 +03:00 [INF] Microsoft.EntityFrameworkCore.Database.Command: Executed DbCommand (38ms) [Parameters=[@p8='?' (DbType = Guid), @p0='?' (Size = 4000), @p1='?' (DbType = DateTime2), @p2='?' (Size = 500), @p3='?' (DbType = Boolean), @p4='?' (DbType = Int32), @p5='?' (Size = 20), @p6='?' (DbType = Guid), @p7='?' (DbType = Int32), @p17='?' (DbType = Guid), @p9='?' (Size = 4000), @p10='?' (DbType = DateTime2), @p11='?' (Size = 500), @p12='?' (DbType = Boolean), @p13='?' (DbType = Int32), @p14='?' (Size = 20), @p15='?' (DbType = Guid), @p16='?' (DbType = Int32), @p23='?' (DbType = Guid), @p18='?' (DbType = DateTime2), @p19='?' (DbType = DateTime2), @p20='?' (Size = 20), @p21='?' (Size = 100), @p22='?' (DbType = Guid), @p27='?' (DbType = Guid), @p24='?' (DbType = DateTime2), @p25='?' (DbType = Int32), @p26='?' (DbType = Int32)], CommandType='"Text"', CommandTimeout='30']
SET NOCOUNT ON;
UPDATE [AiMessages] SET [Content] = @p0, [CreatedAt] = @p1, [ErrorMessage] = @p2, [IsError] = @p3, [LatencyMs] = @p4, [Role] = @p5, [SessionId] = @p6, [TokensUsed] = @p7
OUTPUT 1
WHERE [Id] = @p8;
UPDATE [AiMessages] SET [Content] = @p9, [CreatedAt] = @p10, [ErrorMessage] = @p11, [IsError] = @p12, [LatencyMs] = @p13, [Role] = @p14, [SessionId] = @p15, [TokensUsed] = @p16
OUTPUT 1
WHERE [Id] = @p17;
UPDATE [AiSessions] SET [EndedAt] = @p18, [StartedAt] = @p19, [Status] = @p20, [Title] = @p21, [UserId] = @p22
OUTPUT 1
WHERE [Id] = @p23;
UPDATE [UserAiStats] SET [LastActivityAt] = @p24, [TotalRequests] = @p25, [TotalTokensUsed] = @p26
OUTPUT 1
WHERE [UserId] = @p27;
2026-06-18 17:40:01.587 +03:00 [ERR] CyberSphere.Application.Common.Behaviors.LoggingBehavior: Request SendAiMessageCommand failed after 4190ms
Microsoft.EntityFrameworkCore.DbUpdateConcurrencyException: The database operation was expected to affect 1 row(s), but actually affected 0 row(s); data may have been modified or deleted since entities were loaded. See https://go.microsoft.com/fwlink/?LinkId=527962 for information on understanding and handling optimistic concurrency exceptions.
   at Microsoft.EntityFrameworkCore.Update.AffectedCountModificationCommandBatch.ThrowAggregateUpdateConcurrencyExceptionAsync(RelationalDataReader reader, Int32 commandIndex, Int32 expectedRowsAffected, Int32 rowsAffected, CancellationToken cancellationToken)
   at Microsoft.EntityFrameworkCore.Update.AffectedCountModificationCommandBatch.ConsumeResultSetWithRowsAffectedOnlyAsync(Int32 commandIndex, RelationalDataReader reader, CancellationToken cancellationToken)
   at Microsoft.EntityFrameworkCore.Update.AffectedCountModificationCommandBatch.ConsumeAsync(RelationalDataReader reader, CancellationToken cancellationToken)
   at Microsoft.EntityFrameworkCore.Update.ReaderModificationCommandBatch.ExecuteAsync(IRelationalConnection connection, CancellationToken cancellationToken)
   at Microsoft.EntityFrameworkCore.Update.ReaderModificationCommandBatch.ExecuteAsync(IRelationalConnection connection, CancellationToken cancellationToken)
   at Microsoft.EntityFrameworkCore.SqlServer.Update.Internal.SqlServerModificationCommandBatch.ExecuteAsync(IRelationalConnection connection, CancellationToken cancellationToken)
   at Microsoft.EntityFrameworkCore.Update.Internal.BatchExecutor.ExecuteAsync(IEnumerable`1 commandBatches, IRelationalConnection connection, CancellationToken cancellationToken)
   at Microsoft.EntityFrameworkCore.Update.Internal.BatchExecutor.ExecuteAsync(IEnumerable`1 commandBatches, IRelationalConnection connection, CancellationToken cancellationToken)
   at Microsoft.EntityFrameworkCore.Update.Internal.BatchExecutor.ExecuteAsync(IEnumerable`1 commandBatches, IRelationalConnection connection, CancellationToken cancellationToken)
   at Microsoft.EntityFrameworkCore.ChangeTracking.Internal.StateManager.SaveChangesAsync(IList`1 entriesToSave, CancellationToken cancellationToken)
   at Microsoft.EntityFrameworkCore.ChangeTracking.Internal.StateManager.SaveChangesAsync(StateManager stateManager, Boolean acceptAllChangesOnSuccess, CancellationToken cancellationToken)
   at Microsoft.EntityFrameworkCore.SqlServer.Storage.Internal.SqlServerExecutionStrategy.ExecuteAsync[TState,TResult](TState state, Func`4 operation, Func`4 verifySucceeded, CancellationToken cancellationToken)
   at Microsoft.EntityFrameworkCore.DbContext.SaveChangesAsync(Boolean acceptAllChangesOnSuccess, CancellationToken cancellationToken)
   at CyberSphere.Infrastructure.Persistence.Repositories.AiSessionRepository.SaveChangesAsync(CancellationToken ct) in D:\Graduation Project\cyber_sphere\CyberSphere\CyberSphere.Infrastructure\Persistence\Repositories\AiSessionRepository.cs:line 50
   at CyberSphere.Application.Features.Ai.Commands.SendMessage.SendAiMessageCommandHandler.Handle(SendAiMessageCommand cmd, CancellationToken ct) in D:\Graduation Project\cyber_sphere\CyberSphere\CyberSphere.Application\Features\Ai\Commands\SendMessage\Sendaimessagecommand.cs:line 126
   at CyberSphere.Application.Common.Behaviors.ValidationBehavior`2.Handle(TRequest request, RequestHandlerDelegate`1 next, CancellationToken ct) in D:\Graduation Project\cyber_sphere\CyberSphere\CyberSphere.Application\Common\Behaviors\ValidationBehavior.cs:line 54
   at CyberSphere.Application.Common.Behaviors.LoggingBehavior`2.Handle(TRequest request, RequestHandlerDelegate`1 next, CancellationToken ct) in D:\Graduation Project\cyber_sphere\CyberSphere\CyberSphere.Application\Common\Behaviors\LoggingBehavior.cs:line 39
2026-06-18 17:40:01.887 +03:00 [ERR] Serilog.AspNetCore.RequestLoggingMiddleware: HTTP POST /api/ai/sessions/8625788c-c976-4794-a3a5-47a9ec70e6bc/messages responded 500 in 4511.8029ms
Microsoft.EntityFrameworkCore.DbUpdateConcurrencyException: The database operation was expected to affect 1 row(s), but actually affected 0 row(s); data may have been modified or deleted since entities were loaded. See https://go.microsoft.com/fwlink/?LinkId=527962 for information on understanding and handling optimistic concurrency exceptions.
   at Microsoft.EntityFrameworkCore.Update.AffectedCountModificationCommandBatch.ThrowAggregateUpdateConcurrencyExceptionAsync(RelationalDataReader reader, Int32 commandIndex, Int32 expectedRowsAffected, Int32 rowsAffected, CancellationToken cancellationToken)
   at Microsoft.EntityFrameworkCore.Update.AffectedCountModificationCommandBatch.ConsumeResultSetWithRowsAffectedOnlyAsync(Int32 commandIndex, RelationalDataReader reader, CancellationToken cancellationToken)
   at Microsoft.EntityFrameworkCore.Update.AffectedCountModificationCommandBatch.ConsumeAsync(RelationalDataReader reader, CancellationToken cancellationToken)
   at Microsoft.EntityFrameworkCore.Update.ReaderModificationCommandBatch.ExecuteAsync(IRelationalConnection connection, CancellationToken cancellationToken)
   at Microsoft.EntityFrameworkCore.Update.ReaderModificationCommandBatch.ExecuteAsync(IRelationalConnection connection, CancellationToken cancellationToken)
   at Microsoft.EntityFrameworkCore.SqlServer.Update.Internal.SqlServerModificationCommandBatch.ExecuteAsync(IRelationalConnection connection, CancellationToken cancellationToken)
   at Microsoft.EntityFrameworkCore.Update.Internal.BatchExecutor.ExecuteAsync(IEnumerable`1 commandBatches, IRelationalConnection connection, CancellationToken cancellationToken)
   at Microsoft.EntityFrameworkCore.Update.Internal.BatchExecutor.ExecuteAsync(IEnumerable`1 commandBatches, IRelationalConnection connection, CancellationToken cancellationToken)
   at Microsoft.EntityFrameworkCore.Update.Internal.BatchExecutor.ExecuteAsync(IEnumerable`1 commandBatches, IRelationalConnection connection, CancellationToken cancellationToken)
   at Microsoft.EntityFrameworkCore.ChangeTracking.Internal.StateManager.SaveChangesAsync(IList`1 entriesToSave, CancellationToken cancellationToken)
   at Microsoft.EntityFrameworkCore.ChangeTracking.Internal.StateManager.SaveChangesAsync(StateManager stateManager, Boolean acceptAllChangesOnSuccess, CancellationToken cancellationToken)
   at Microsoft.EntityFrameworkCore.SqlServer.Storage.Internal.SqlServerExecutionStrategy.ExecuteAsync[TState,TResult](TState state, Func`4 operation, Func`4 verifySucceeded, CancellationToken cancellationToken)
   at Microsoft.EntityFrameworkCore.DbContext.SaveChangesAsync(Boolean acceptAllChangesOnSuccess, CancellationToken cancellationToken)
   at CyberSphere.Infrastructure.Persistence.Repositories.AiSessionRepository.SaveChangesAsync(CancellationToken ct) in D:\Graduation Project\cyber_sphere\CyberSphere\CyberSphere.Infrastructure\Persistence\Repositories\AiSessionRepository.cs:line 50
   at CyberSphere.Application.Features.Ai.Commands.SendMessage.SendAiMessageCommandHandler.Handle(SendAiMessageCommand cmd, CancellationToken ct) in D:\Graduation Project\cyber_sphere\CyberSphere\CyberSphere.Application\Features\Ai\Commands\SendMessage\Sendaimessagecommand.cs:line 126
   at CyberSphere.Application.Common.Behaviors.ValidationBehavior`2.Handle(TRequest request, RequestHandlerDelegate`1 next, CancellationToken ct) in D:\Graduation Project\cyber_sphere\CyberSphere\CyberSphere.Application\Common\Behaviors\ValidationBehavior.cs:line 54
   at CyberSphere.Application.Common.Behaviors.LoggingBehavior`2.Handle(TRequest request, RequestHandlerDelegate`1 next, CancellationToken ct) in D:\Graduation Project\cyber_sphere\CyberSphere\CyberSphere.Application\Common\Behaviors\LoggingBehavior.cs:line 39
   at CyberSphere.Api.Controllers.AiController.SendMessage(Guid sessionId, SendAiMessageRequest request, CancellationToken ct) in D:\Graduation Project\cyber_sphere\CyberSphere\CyberSphere.Api\Controllers\AiController.cs:line 235
   at lambda_method351(Closure, Object)
   at Microsoft.AspNetCore.Mvc.Infrastructure.ActionMethodExecutor.AwaitableObjectResultExecutor.Execute(ActionContext actionContext, IActionResultTypeMapper mapper, ObjectMethodExecutor executor, Object controller, Object[] arguments)
   at Microsoft.AspNetCore.Mvc.Infrastructure.ControllerActionInvoker.<InvokeActionMethodAsync>g__Awaited|12_0(ControllerActionInvoker invoker, ValueTask`1 actionResultValueTask)
   at Microsoft.AspNetCore.Mvc.Infrastructure.ControllerActionInvoker.<InvokeNextActionFilterAsync>g__Awaited|10_0(ControllerActionInvoker invoker, Task lastTask, State next, Scope scope, Object state, Boolean isCompleted)
   at Microsoft.AspNetCore.Mvc.Infrastructure.ControllerActionInvoker.Rethrow(ActionExecutedContextSealed context)
   at Microsoft.AspNetCore.Mvc.Infrastructure.ControllerActionInvoker.Next(State& next, Scope& scope, Object& state, Boolean& isCompleted)
   at Microsoft.AspNetCore.Mvc.Infrastructure.ControllerActionInvoker.<InvokeInnerFilterAsync>g__Awaited|13_0(ControllerActionInvoker invoker, Task lastTask, State next, Scope scope, Object state, Boolean isCompleted)
   at Microsoft.AspNetCore.Mvc.Infrastructure.ResourceInvoker.<InvokeFilterPipelineAsync>g__Awaited|20_0(ResourceInvoker invoker, Task lastTask, State next, Scope scope, Object state, Boolean isCompleted)
   at Microsoft.AspNetCore.Mvc.Infrastructure.ResourceInvoker.<InvokeAsync>g__Awaited|17_0(ResourceInvoker invoker, Task task, IDisposable scope)
   at Microsoft.AspNetCore.Mvc.Infrastructure.ResourceInvoker.<InvokeAsync>g__Awaited|17_0(ResourceInvoker invoker, Task task, IDisposable scope)
   at Microsoft.AspNetCore.Authorization.AuthorizationMiddleware.Invoke(HttpContext context)
   at Microsoft.AspNetCore.Authentication.AuthenticationMiddleware.Invoke(HttpContext context)
   at Microsoft.AspNetCore.RateLimiting.RateLimitingMiddleware.InvokeInternal(HttpContext context, EnableRateLimitingAttribute enableRateLimitingAttribute)
   at Swashbuckle.AspNetCore.SwaggerUI.SwaggerUIMiddleware.Invoke(HttpContext httpContext)
   at Swashbuckle.AspNetCore.SwaggerUI.SwaggerUIMiddleware.Invoke(HttpContext httpContext)
   at Swashbuckle.AspNetCore.Swagger.SwaggerMiddleware.Invoke(HttpContext httpContext, ISwaggerProvider swaggerProvider)
   at Serilog.AspNetCore.RequestLoggingMiddleware.Invoke(HttpContext httpContext)
2026-06-18 17:40:02.098 +03:00 [ERR] CyberSphere.Api.Middleware.ErrorHandlingMiddleware: Unhandled exception for POST /api/ai/sessions/8625788c-c976-4794-a3a5-47a9ec70e6bc/messages
Microsoft.EntityFrameworkCore.DbUpdateConcurrencyException: The database operation was expected to affect 1 row(s), but actually affected 0 row(s); data may have been modified or deleted since entities were loaded. See https://go.microsoft.com/fwlink/?LinkId=527962 for information on understanding and handling optimistic concurrency exceptions.
   at Microsoft.EntityFrameworkCore.Update.AffectedCountModificationCommandBatch.ThrowAggregateUpdateConcurrencyExceptionAsync(RelationalDataReader reader, Int32 commandIndex, Int32 expectedRowsAffected, Int32 rowsAffected, CancellationToken cancellationToken)
   at Microsoft.EntityFrameworkCore.Update.AffectedCountModificationCommandBatch.ConsumeResultSetWithRowsAffectedOnlyAsync(Int32 commandIndex, RelationalDataReader reader, CancellationToken cancellationToken)
   at Microsoft.EntityFrameworkCore.Update.AffectedCountModificationCommandBatch.ConsumeAsync(RelationalDataReader reader, CancellationToken cancellationToken)
   at Microsoft.EntityFrameworkCore.Update.ReaderModificationCommandBatch.ExecuteAsync(IRelationalConnection connection, CancellationToken cancellationToken)
   at Microsoft.EntityFrameworkCore.Update.ReaderModificationCommandBatch.ExecuteAsync(IRelationalConnection connection, CancellationToken cancellationToken)
   at Microsoft.EntityFrameworkCore.SqlServer.Update.Internal.SqlServerModificationCommandBatch.ExecuteAsync(IRelationalConnection connection, CancellationToken cancellationToken)
   at Microsoft.EntityFrameworkCore.Update.Internal.BatchExecutor.ExecuteAsync(IEnumerable`1 commandBatches, IRelationalConnection connection, CancellationToken cancellationToken)
   at Microsoft.EntityFrameworkCore.Update.Internal.BatchExecutor.ExecuteAsync(IEnumerable`1 commandBatches, IRelationalConnection connection, CancellationToken cancellationToken)
   at Microsoft.EntityFrameworkCore.Update.Internal.BatchExecutor.ExecuteAsync(IEnumerable`1 commandBatches, IRelationalConnection connection, CancellationToken cancellationToken)
   at Microsoft.EntityFrameworkCore.ChangeTracking.Internal.StateManager.SaveChangesAsync(IList`1 entriesToSave, CancellationToken cancellationToken)
   at Microsoft.EntityFrameworkCore.ChangeTracking.Internal.StateManager.SaveChangesAsync(StateManager stateManager, Boolean acceptAllChangesOnSuccess, CancellationToken cancellationToken)
   at Microsoft.EntityFrameworkCore.SqlServer.Storage.Internal.SqlServerExecutionStrategy.ExecuteAsync[TState,TResult](TState state, Func`4 operation, Func`4 verifySucceeded, CancellationToken cancellationToken)
   at Microsoft.EntityFrameworkCore.DbContext.SaveChangesAsync(Boolean acceptAllChangesOnSuccess, CancellationToken cancellationToken)
   at CyberSphere.Infrastructure.Persistence.Repositories.AiSessionRepository.SaveChangesAsync(CancellationToken ct) in D:\Graduation Project\cyber_sphere\CyberSphere\CyberSphere.Infrastructure\Persistence\Repositories\AiSessionRepository.cs:line 50
   at CyberSphere.Application.Features.Ai.Commands.SendMessage.SendAiMessageCommandHandler.Handle(SendAiMessageCommand cmd, CancellationToken ct) in D:\Graduation Project\cyber_sphere\CyberSphere\CyberSphere.Application\Features\Ai\Commands\SendMessage\Sendaimessagecommand.cs:line 126
   at CyberSphere.Application.Common.Behaviors.ValidationBehavior`2.Handle(TRequest request, RequestHandlerDelegate`1 next, CancellationToken ct) in D:\Graduation Project\cyber_sphere\CyberSphere\CyberSphere.Application\Common\Behaviors\ValidationBehavior.cs:line 54
   at CyberSphere.Application.Common.Behaviors.LoggingBehavior`2.Handle(TRequest request, RequestHandlerDelegate`1 next, CancellationToken ct) in D:\Graduation Project\cyber_sphere\CyberSphere\CyberSphere.Application\Common\Behaviors\LoggingBehavior.cs:line 39
   at CyberSphere.Api.Controllers.AiController.SendMessage(Guid sessionId, SendAiMessageRequest request, CancellationToken ct) in D:\Graduation Project\cyber_sphere\CyberSphere\CyberSphere.Api\Controllers\AiController.cs:line 235
   at lambda_method351(Closure, Object)
   at Microsoft.AspNetCore.Mvc.Infrastructure.ActionMethodExecutor.AwaitableObjectResultExecutor.Execute(ActionContext actionContext, IActionResultTypeMapper mapper, ObjectMethodExecutor executor, Object controller, Object[] arguments)
   at Microsoft.AspNetCore.Mvc.Infrastructure.ControllerActionInvoker.<InvokeActionMethodAsync>g__Awaited|12_0(ControllerActionInvoker invoker, ValueTask`1 actionResultValueTask)
   at Microsoft.AspNetCore.Mvc.Infrastructure.ControllerActionInvoker.<InvokeNextActionFilterAsync>g__Awaited|10_0(ControllerActionInvoker invoker, Task lastTask, State next, Scope scope, Object state, Boolean isCompleted)
   at Microsoft.AspNetCore.Mvc.Infrastructure.ControllerActionInvoker.Rethrow(ActionExecutedContextSealed context)
   at Microsoft.AspNetCore.Mvc.Infrastructure.ControllerActionInvoker.Next(State& next, Scope& scope, Object& state, Boolean& isCompleted)
   at Microsoft.AspNetCore.Mvc.Infrastructure.ControllerActionInvoker.<InvokeInnerFilterAsync>g__Awaited|13_0(ControllerActionInvoker invoker, Task lastTask, State next, Scope scope, Object state, Boolean isCompleted)
   at Microsoft.AspNetCore.Mvc.Infrastructure.ResourceInvoker.<InvokeFilterPipelineAsync>g__Awaited|20_0(ResourceInvoker invoker, Task lastTask, State next, Scope scope, Object state, Boolean isCompleted)
   at Microsoft.AspNetCore.Mvc.Infrastructure.ResourceInvoker.<InvokeAsync>g__Awaited|17_0(ResourceInvoker invoker, Task task, IDisposable scope)
   at Microsoft.AspNetCore.Mvc.Infrastructure.ResourceInvoker.<InvokeAsync>g__Awaited|17_0(ResourceInvoker invoker, Task task, IDisposable scope)
   at Microsoft.AspNetCore.Authorization.AuthorizationMiddleware.Invoke(HttpContext context)
   at Microsoft.AspNetCore.Authentication.AuthenticationMiddleware.Invoke(HttpContext context)
   at Microsoft.AspNetCore.RateLimiting.RateLimitingMiddleware.InvokeInternal(HttpContext context, EnableRateLimitingAttribute enableRateLimitingAttribute)
   at Swashbuckle.AspNetCore.SwaggerUI.SwaggerUIMiddleware.Invoke(HttpContext httpContext)
   at Swashbuckle.AspNetCore.SwaggerUI.SwaggerUIMiddleware.Invoke(HttpContext httpContext)
   at Swashbuckle.AspNetCore.Swagger.SwaggerMiddleware.Invoke(HttpContext httpContext, ISwaggerProvider swaggerProvider)
   at Serilog.AspNetCore.RequestLoggingMiddleware.Invoke(HttpContext httpContext)
   at CyberSphere.Api.Middleware.ErrorHandlingMiddleware.InvokeAsync(HttpContext context) in D:\Graduation Project\cyber_sphere\CyberSphere\CyberSphere.Api\Middleware\ErrorHandlingMiddleware.cs:line 32
