2026-06-19 00:13:55.435 +03:00 [INF] Microsoft.EntityFrameworkCore.Database.Command: Executed DbCommand (24ms) [Parameters=[], CommandType='"Text"', CommandTimeout='30']
SELECT 1
2026-06-19 00:13:55.541 +03:00 [INF] Microsoft.EntityFrameworkCore.Database.Command: Executed DbCommand (20ms) [Parameters=[], CommandType='"Text"', CommandTimeout='30']
SELECT OBJECT_ID(N'[__EFMigrationsHistory]');
2026-06-19 00:13:55.556 +03:00 [INF] Microsoft.EntityFrameworkCore.Database.Command: Executed DbCommand (9ms) [Parameters=[], CommandType='"Text"', CommandTimeout='30']
SELECT 1
2026-06-19 00:13:55.564 +03:00 [INF] Microsoft.EntityFrameworkCore.Database.Command: Executed DbCommand (1ms) [Parameters=[], CommandType='"Text"', CommandTimeout='30']
SELECT OBJECT_ID(N'[__EFMigrationsHistory]');
2026-06-19 00:13:55.604 +03:00 [INF] Microsoft.EntityFrameworkCore.Database.Command: Executed DbCommand (27ms) [Parameters=[], CommandType='"Text"', CommandTimeout='30']
SELECT [MigrationId], [ProductVersion]
FROM [__EFMigrationsHistory]
ORDER BY [MigrationId];
2026-06-19 00:13:55.868 +03:00 [INF] Microsoft.EntityFrameworkCore.Database.Command: Executed DbCommand (11ms) [Parameters=[], CommandType='"Text"', CommandTimeout='30']
SELECT CASE
    WHEN EXISTS (
        SELECT 1
        FROM [Categories] AS [c]) THEN CAST(1 AS bit)
    ELSE CAST(0 AS bit)
END
2026-06-19 00:13:56.579 +03:00 [INF] Microsoft.Hosting.Lifetime: Now listening on: https://localhost:7272
2026-06-19 00:13:56.583 +03:00 [INF] Microsoft.Hosting.Lifetime: Now listening on: http://localhost:5179
2026-06-19 00:13:56.794 +03:00 [INF] Microsoft.Hosting.Lifetime: Application started. Press Ctrl+C to shut down.
2026-06-19 00:13:56.796 +03:00 [INF] Microsoft.Hosting.Lifetime: Hosting environment: Development
2026-06-19 00:13:56.798 +03:00 [INF] Microsoft.Hosting.Lifetime: Content root path: D:\Graduation Project\cyber_sphere\CyberSphere\CyberSphere.Api
2026-06-19 00:14:00.686 +03:00 [INF] Serilog.AspNetCore.RequestLoggingMiddleware: HTTP GET /swagger/index.html responded 200 in 87.6349ms
2026-06-19 00:14:01.039 +03:00 [INF] Serilog.AspNetCore.RequestLoggingMiddleware: HTTP GET /swagger/v1/swagger.json responded 200 in 125.1054ms
2026-06-19 00:24:31.574 +03:00 [INF] Microsoft.EntityFrameworkCore.Database.Command: Executed DbCommand (18ms) [Parameters=[], CommandType='"Text"', CommandTimeout='30']
SELECT 1
2026-06-19 00:24:31.623 +03:00 [INF] Microsoft.EntityFrameworkCore.Database.Command: Executed DbCommand (17ms) [Parameters=[], CommandType='"Text"', CommandTimeout='30']
SELECT OBJECT_ID(N'[__EFMigrationsHistory]');
2026-06-19 00:24:31.628 +03:00 [INF] Microsoft.EntityFrameworkCore.Database.Command: Executed DbCommand (1ms) [Parameters=[], CommandType='"Text"', CommandTimeout='30']
SELECT 1
2026-06-19 00:24:31.630 +03:00 [INF] Microsoft.EntityFrameworkCore.Database.Command: Executed DbCommand (1ms) [Parameters=[], CommandType='"Text"', CommandTimeout='30']
SELECT OBJECT_ID(N'[__EFMigrationsHistory]');
2026-06-19 00:24:31.642 +03:00 [INF] Microsoft.EntityFrameworkCore.Database.Command: Executed DbCommand (1ms) [Parameters=[], CommandType='"Text"', CommandTimeout='30']
SELECT [MigrationId], [ProductVersion]
FROM [__EFMigrationsHistory]
ORDER BY [MigrationId];
2026-06-19 00:24:31.811 +03:00 [INF] Microsoft.EntityFrameworkCore.Database.Command: Executed DbCommand (0ms) [Parameters=[], CommandType='"Text"', CommandTimeout='30']
SELECT CASE
    WHEN EXISTS (
        SELECT 1
        FROM [Categories] AS [c]) THEN CAST(1 AS bit)
    ELSE CAST(0 AS bit)
END
2026-06-19 00:24:31.897 +03:00 [INF] Microsoft.Hosting.Lifetime: Now listening on: https://localhost:7272
2026-06-19 00:24:31.899 +03:00 [INF] Microsoft.Hosting.Lifetime: Now listening on: http://localhost:5179
2026-06-19 00:24:31.971 +03:00 [INF] Microsoft.Hosting.Lifetime: Application started. Press Ctrl+C to shut down.
2026-06-19 00:24:31.972 +03:00 [INF] Microsoft.Hosting.Lifetime: Hosting environment: Development
2026-06-19 00:24:31.973 +03:00 [INF] Microsoft.Hosting.Lifetime: Content root path: D:\Graduation Project\cyber_sphere\CyberSphere\CyberSphere.Api
2026-06-19 00:24:32.375 +03:00 [INF] Serilog.AspNetCore.RequestLoggingMiddleware: HTTP GET /swagger/index.html responded 200 in 52.9063ms
2026-06-19 00:24:32.570 +03:00 [INF] Serilog.AspNetCore.RequestLoggingMiddleware: HTTP GET /swagger/v1/swagger.json responded 200 in 95.7919ms
2026-06-19 00:24:51.485 +03:00 [INF] Microsoft.EntityFrameworkCore.Database.Command: Executed DbCommand (18ms) [Parameters=[], CommandType='"Text"', CommandTimeout='30']
SELECT 1
2026-06-19 00:24:51.541 +03:00 [INF] Microsoft.EntityFrameworkCore.Database.Command: Executed DbCommand (23ms) [Parameters=[], CommandType='"Text"', CommandTimeout='30']
SELECT OBJECT_ID(N'[__EFMigrationsHistory]');
2026-06-19 00:24:51.548 +03:00 [INF] Microsoft.EntityFrameworkCore.Database.Command: Executed DbCommand (2ms) [Parameters=[], CommandType='"Text"', CommandTimeout='30']
SELECT 1
2026-06-19 00:24:51.552 +03:00 [INF] Microsoft.EntityFrameworkCore.Database.Command: Executed DbCommand (1ms) [Parameters=[], CommandType='"Text"', CommandTimeout='30']
SELECT OBJECT_ID(N'[__EFMigrationsHistory]');
2026-06-19 00:24:51.571 +03:00 [INF] Microsoft.EntityFrameworkCore.Database.Command: Executed DbCommand (1ms) [Parameters=[], CommandType='"Text"', CommandTimeout='30']
SELECT [MigrationId], [ProductVersion]
FROM [__EFMigrationsHistory]
ORDER BY [MigrationId];
2026-06-19 00:24:51.736 +03:00 [INF] Microsoft.EntityFrameworkCore.Database.Command: Executed DbCommand (0ms) [Parameters=[], CommandType='"Text"', CommandTimeout='30']
SELECT CASE
    WHEN EXISTS (
        SELECT 1
        FROM [Categories] AS [c]) THEN CAST(1 AS bit)
    ELSE CAST(0 AS bit)
END
2026-06-19 00:24:51.834 +03:00 [INF] Microsoft.Hosting.Lifetime: Now listening on: https://localhost:7272
2026-06-19 00:24:51.836 +03:00 [INF] Microsoft.Hosting.Lifetime: Now listening on: http://localhost:5179
2026-06-19 00:24:51.921 +03:00 [INF] Microsoft.Hosting.Lifetime: Application started. Press Ctrl+C to shut down.
2026-06-19 00:24:51.922 +03:00 [INF] Microsoft.Hosting.Lifetime: Hosting environment: Development
2026-06-19 00:24:51.924 +03:00 [INF] Microsoft.Hosting.Lifetime: Content root path: D:\Graduation Project\cyber_sphere\CyberSphere\CyberSphere.Api
2026-06-19 00:24:52.051 +03:00 [INF] Serilog.AspNetCore.RequestLoggingMiddleware: HTTP GET /swagger/index.html responded 200 in 52.2625ms
2026-06-19 00:24:52.195 +03:00 [INF] Serilog.AspNetCore.RequestLoggingMiddleware: HTTP GET /swagger/v1/swagger.json responded 200 in 67.2121ms
2026-06-19 00:25:09.146 +03:00 [INF] Serilog.AspNetCore.RequestLoggingMiddleware: HTTP GET /swagger/index.html responded 200 in 2.7093ms
2026-06-19 00:25:09.307 +03:00 [INF] Serilog.AspNetCore.RequestLoggingMiddleware: HTTP GET /swagger/v1/swagger.json responded 200 in 87.4453ms
2026-06-19 00:26:28.510 +03:00 [WRN] LuckyPennySoftware.MediatR.License: You do not have a valid license key for the Lucky Penny software MediatR. This is allowed for development and testing scenarios. If you are running in production you are required to have a licensed version. Please visit https://luckypennysoftware.com to obtain a valid license.
2026-06-19 00:26:28.566 +03:00 [INF] CyberSphere.Application.Common.Behaviors.LoggingBehavior: Handling LoginCommand
2026-06-19 00:26:28.746 +03:00 [INF] Microsoft.EntityFrameworkCore.Database.Command: Executed DbCommand (72ms) [Parameters=[@__ToLowerInvariant_0='?' (Size = 200)], CommandType='"Text"', CommandTimeout='30']
SELECT TOP(1) [u].[Id], [u].[Bio], [u].[CreatedAt], [u].[Email], [u].[GitHubUrl], [u].[PasswordHash], [u].[PasswordResetToken], [u].[PasswordResetTokenExpiry], [u].[ProfilePictureUrl], [u].[RefreshToken], [u].[RefreshTokenExpiry], [u].[Role], [u].[TotalToolsUploaded], [u].[UserName]
FROM [Users] AS [u]
WHERE [u].[Email] = @__ToLowerInvariant_0
2026-06-19 00:26:29.487 +03:00 [INF] Microsoft.EntityFrameworkCore.Database.Command: Executed DbCommand (5ms) [Parameters=[@p2='?' (DbType = Guid), @p0='?' (Size = 500), @p1='?' (DbType = DateTime2)], CommandType='"Text"', CommandTimeout='30']
SET IMPLICIT_TRANSACTIONS OFF;
SET NOCOUNT ON;
UPDATE [Users] SET [RefreshToken] = @p0, [RefreshTokenExpiry] = @p1
OUTPUT 1
WHERE [Id] = @p2;
2026-06-19 00:26:29.497 +03:00 [WRN] CyberSphere.Application.Common.Behaviors.LoggingBehavior: Slow request: LoginCommand took 928ms
2026-06-19 00:26:29.513 +03:00 [INF] Serilog.AspNetCore.RequestLoggingMiddleware: HTTP POST /api/auth/login responded 200 in 2461.2645ms
2026-06-19 00:27:52.678 +03:00 [INF] CyberSphere.Application.Common.Behaviors.LoggingBehavior: Handling StartAiSessionCommand
2026-06-19 00:27:52.759 +03:00 [INF] Microsoft.EntityFrameworkCore.Database.Command: Executed DbCommand (3ms) [Parameters=[@__userId_0='?' (DbType = Guid)], CommandType='"Text"', CommandTimeout='30']
SELECT TOP(1) [u].[UserId], [u].[CreatedAt], [u].[LastActivityAt], [u].[TotalRequests], [u].[TotalSessions], [u].[TotalTokensUsed]
FROM [UserAiStats] AS [u]
WHERE [u].[UserId] = @__userId_0
2026-06-19 00:27:52.834 +03:00 [INF] Microsoft.EntityFrameworkCore.Database.Command: Executed DbCommand (7ms) [Parameters=[@p0='?' (DbType = Guid), @p1='?' (DbType = DateTime2), @p2='?' (DbType = DateTime2), @p3='?' (Size = 20), @p4='?' (Size = 100), @p5='?' (DbType = Guid), @p7='?' (DbType = Guid), @p6='?' (DbType = Int32)], CommandType='"Text"', CommandTimeout='30']
SET NOCOUNT ON;
INSERT INTO [AiSessions] ([Id], [EndedAt], [StartedAt], [Status], [Title], [UserId])
VALUES (@p0, @p1, @p2, @p3, @p4, @p5);
UPDATE [UserAiStats] SET [TotalSessions] = @p6
OUTPUT 1
WHERE [UserId] = @p7;
2026-06-19 00:27:52.844 +03:00 [INF] CyberSphere.Application.Common.Behaviors.LoggingBehavior: Handled StartAiSessionCommand in 163ms
2026-06-19 00:27:52.866 +03:00 [INF] Serilog.AspNetCore.RequestLoggingMiddleware: HTTP POST /api/ai/sessions responded 201 in 213.7304ms
2026-06-19 00:28:39.546 +03:00 [INF] CyberSphere.Application.Common.Behaviors.LoggingBehavior: Handling SendAiMessageCommand
2026-06-19 00:28:39.825 +03:00 [INF] Microsoft.EntityFrameworkCore.Database.Command: Executed DbCommand (3ms) [Parameters=[@__id_0='?' (DbType = Guid)], CommandType='"Text"', CommandTimeout='30']
SELECT [t].[Id], [t].[EndedAt], [t].[StartedAt], [t].[Status], [t].[Title], [t].[UserId], [a0].[Id], [a0].[Content], [a0].[CreatedAt], [a0].[ErrorMessage], [a0].[IsError], [a0].[LatencyMs], [a0].[Role], [a0].[SessionId], [a0].[TokensUsed]
FROM (
    SELECT TOP(1) [a].[Id], [a].[EndedAt], [a].[StartedAt], [a].[Status], [a].[Title], [a].[UserId]
    FROM [AiSessions] AS [a]
    WHERE [a].[Id] = @__id_0
) AS [t]
LEFT JOIN [AiMessages] AS [a0] ON [t].[Id] = [a0].[SessionId]
ORDER BY [t].[Id]
2026-06-19 00:28:39.841 +03:00 [INF] CyberSphere.Application.Features.Ai.Commands.SendMessage.SendAiMessageCommandHandler: Forwarding AI request for session "4c7343a8-a9bb-46aa-a3f4-c80fb3170fd1", user "9b8152a6-7e7c-4910-ae4d-f447f8154b42", message length 9
2026-06-19 00:28:43.548 +03:00 [INF] Microsoft.EntityFrameworkCore.Database.Command: Executed DbCommand (0ms) [Parameters=[@__userId_0='?' (DbType = Guid)], CommandType='"Text"', CommandTimeout='30']
SELECT TOP(1) [u].[UserId], [u].[CreatedAt], [u].[LastActivityAt], [u].[TotalRequests], [u].[TotalSessions], [u].[TotalTokensUsed]
FROM [UserAiStats] AS [u]
WHERE [u].[UserId] = @__userId_0
2026-06-19 00:28:43.598 +03:00 [INF] Microsoft.EntityFrameworkCore.Database.Command: Executed DbCommand (17ms) [Parameters=[@p8='?' (DbType = Guid), @p0='?' (Size = 4000), @p1='?' (DbType = DateTime2), @p2='?' (Size = 500), @p3='?' (DbType = Boolean), @p4='?' (DbType = Int32), @p5='?' (Size = 20), @p6='?' (DbType = Guid), @p7='?' (DbType = Int32), @p17='?' (DbType = Guid), @p9='?' (Size = 4000), @p10='?' (DbType = DateTime2), @p11='?' (Size = 500), @p12='?' (DbType = Boolean), @p13='?' (DbType = Int32), @p14='?' (Size = 20), @p15='?' (DbType = Guid), @p16='?' (DbType = Int32), @p23='?' (DbType = Guid), @p18='?' (DbType = DateTime2), @p19='?' (DbType = DateTime2), @p20='?' (Size = 20), @p21='?' (Size = 100), @p22='?' (DbType = Guid), @p27='?' (DbType = Guid), @p24='?' (DbType = DateTime2), @p25='?' (DbType = Int32), @p26='?' (DbType = Int32)], CommandType='"Text"', CommandTimeout='30']
SET NOCOUNT ON;
UPDATE [AiMessages] SET [Content] = @p0, [CreatedAt] = @p1, [ErrorMessage] = @p2, [IsError] = @p3, [LatencyMs] = @p4, [Role] = @p5, [SessionId] = @p6, [TokensUsed] = @p7
OUTPUT 1
WHERE [Id] = @p8;
UPDATE [AiMessages] SET [Content] = @p9, [CreatedAt] = @p10, [ErrorMessage] = @p11, [IsError] = @p12, [LatencyMs] = @p13, [Role] = @p14, [SessionId] = @p15, [TokensUsed] = @p16
OUTPUT 1
WHERE [Id] = @p17;
UPDATE [AiSessions] SET [EndedAt] = @p18, [StartedAt] = @p19, [Status] = @p20, [Title] = @p21, [UserId] = @p22
OUTPUT 1
WHERE [Id] = @p23;
UPDATE [UserAiStats] SET [LastActivityAt] = @p24, [TotalRequests] = @p25, [TotalTokensUsed] = @p26
OUTPUT 1
WHERE [UserId] = @p27;
2026-06-19 00:28:43.620 +03:00 [ERR] CyberSphere.Application.Common.Behaviors.LoggingBehavior: Request SendAiMessageCommand failed after 4072ms
Microsoft.EntityFrameworkCore.DbUpdateConcurrencyException: The database operation was expected to affect 1 row(s), but actually affected 0 row(s); data may have been modified or deleted since entities were loaded. See https://go.microsoft.com/fwlink/?LinkId=527962 for information on understanding and handling optimistic concurrency exceptions.
   at Microsoft.EntityFrameworkCore.Update.AffectedCountModificationCommandBatch.ThrowAggregateUpdateConcurrencyExceptionAsync(RelationalDataReader reader, Int32 commandIndex, Int32 expectedRowsAffected, Int32 rowsAffected, CancellationToken cancellationToken)
   at Microsoft.EntityFrameworkCore.Update.AffectedCountModificationCommandBatch.ConsumeResultSetWithRowsAffectedOnlyAsync(Int32 commandIndex, RelationalDataReader reader, CancellationToken cancellationToken)
   at Microsoft.EntityFrameworkCore.Update.AffectedCountModificationCommandBatch.ConsumeAsync(RelationalDataReader reader, CancellationToken cancellationToken)
   at Microsoft.EntityFrameworkCore.Update.ReaderModificationCommandBatch.ExecuteAsync(IRelationalConnection connection, CancellationToken cancellationToken)
   at Microsoft.EntityFrameworkCore.Update.ReaderModificationCommandBatch.ExecuteAsync(IRelationalConnection connection, CancellationToken cancellationToken)
   at Microsoft.EntityFrameworkCore.SqlServer.Update.Internal.SqlServerModificationCommandBatch.ExecuteAsync(IRelationalConnection connection, CancellationToken cancellationToken)
   at Microsoft.EntityFrameworkCore.Update.Internal.BatchExecutor.ExecuteAsync(IEnumerable`1 commandBatches, IRelationalConnection connection, CancellationToken cancellationToken)
   at Microsoft.EntityFrameworkCore.Update.Internal.BatchExecutor.ExecuteAsync(IEnumerable`1 commandBatches, IRelationalConnection connection, CancellationToken cancellationToken)
   at Microsoft.EntityFrameworkCore.Update.Internal.BatchExecutor.ExecuteAsync(IEnumerable`1 commandBatches, IRelationalConnection connection, CancellationToken cancellationToken)
   at Microsoft.EntityFrameworkCore.ChangeTracking.Internal.StateManager.SaveChangesAsync(IList`1 entriesToSave, CancellationToken cancellationToken)
   at Microsoft.EntityFrameworkCore.ChangeTracking.Internal.StateManager.SaveChangesAsync(StateManager stateManager, Boolean acceptAllChangesOnSuccess, CancellationToken cancellationToken)
   at Microsoft.EntityFrameworkCore.SqlServer.Storage.Internal.SqlServerExecutionStrategy.ExecuteAsync[TState,TResult](TState state, Func`4 operation, Func`4 verifySucceeded, CancellationToken cancellationToken)
   at Microsoft.EntityFrameworkCore.DbContext.SaveChangesAsync(Boolean acceptAllChangesOnSuccess, CancellationToken cancellationToken)
   at CyberSphere.Infrastructure.Persistence.Repositories.AiSessionRepository.SaveChangesAsync(CancellationToken ct) in D:\Graduation Project\cyber_sphere\CyberSphere\CyberSphere.Infrastructure\Persistence\Repositories\AiSessionRepository.cs:line 50
   at CyberSphere.Application.Features.Ai.Commands.SendMessage.SendAiMessageCommandHandler.Handle(SendAiMessageCommand cmd, CancellationToken ct) in D:\Graduation Project\cyber_sphere\CyberSphere\CyberSphere.Application\Features\Ai\Commands\SendMessage\Sendaimessagecommand.cs:line 126
   at CyberSphere.Application.Common.Behaviors.ValidationBehavior`2.Handle(TRequest request, RequestHandlerDelegate`1 next, CancellationToken ct) in D:\Graduation Project\cyber_sphere\CyberSphere\CyberSphere.Application\Common\Behaviors\ValidationBehavior.cs:line 54
   at CyberSphere.Application.Common.Behaviors.LoggingBehavior`2.Handle(TRequest request, RequestHandlerDelegate`1 next, CancellationToken ct) in D:\Graduation Project\cyber_sphere\CyberSphere\CyberSphere.Application\Common\Behaviors\LoggingBehavior.cs:line 39
2026-06-19 00:28:43.683 +03:00 [ERR] Serilog.AspNetCore.RequestLoggingMiddleware: HTTP POST /api/ai/sessions/4c7343a8-a9bb-46aa-a3f4-c80fb3170fd1/messages responded 500 in 4152.0204ms
Microsoft.EntityFrameworkCore.DbUpdateConcurrencyException: The database operation was expected to affect 1 row(s), but actually affected 0 row(s); data may have been modified or deleted since entities were loaded. See https://go.microsoft.com/fwlink/?LinkId=527962 for information on understanding and handling optimistic concurrency exceptions.
   at Microsoft.EntityFrameworkCore.Update.AffectedCountModificationCommandBatch.ThrowAggregateUpdateConcurrencyExceptionAsync(RelationalDataReader reader, Int32 commandIndex, Int32 expectedRowsAffected, Int32 rowsAffected, CancellationToken cancellationToken)
   at Microsoft.EntityFrameworkCore.Update.AffectedCountModificationCommandBatch.ConsumeResultSetWithRowsAffectedOnlyAsync(Int32 commandIndex, RelationalDataReader reader, CancellationToken cancellationToken)
   at Microsoft.EntityFrameworkCore.Update.AffectedCountModificationCommandBatch.ConsumeAsync(RelationalDataReader reader, CancellationToken cancellationToken)
   at Microsoft.EntityFrameworkCore.Update.ReaderModificationCommandBatch.ExecuteAsync(IRelationalConnection connection, CancellationToken cancellationToken)
   at Microsoft.EntityFrameworkCore.Update.ReaderModificationCommandBatch.ExecuteAsync(IRelationalConnection connection, CancellationToken cancellationToken)
   at Microsoft.EntityFrameworkCore.SqlServer.Update.Internal.SqlServerModificationCommandBatch.ExecuteAsync(IRelationalConnection connection, CancellationToken cancellationToken)
   at Microsoft.EntityFrameworkCore.Update.Internal.BatchExecutor.ExecuteAsync(IEnumerable`1 commandBatches, IRelationalConnection connection, CancellationToken cancellationToken)
   at Microsoft.EntityFrameworkCore.Update.Internal.BatchExecutor.ExecuteAsync(IEnumerable`1 commandBatches, IRelationalConnection connection, CancellationToken cancellationToken)
   at Microsoft.EntityFrameworkCore.Update.Internal.BatchExecutor.ExecuteAsync(IEnumerable`1 commandBatches, IRelationalConnection connection, CancellationToken cancellationToken)
   at Microsoft.EntityFrameworkCore.ChangeTracking.Internal.StateManager.SaveChangesAsync(IList`1 entriesToSave, CancellationToken cancellationToken)
   at Microsoft.EntityFrameworkCore.ChangeTracking.Internal.StateManager.SaveChangesAsync(StateManager stateManager, Boolean acceptAllChangesOnSuccess, CancellationToken cancellationToken)
   at Microsoft.EntityFrameworkCore.SqlServer.Storage.Internal.SqlServerExecutionStrategy.ExecuteAsync[TState,TResult](TState state, Func`4 operation, Func`4 verifySucceeded, CancellationToken cancellationToken)
   at Microsoft.EntityFrameworkCore.DbContext.SaveChangesAsync(Boolean acceptAllChangesOnSuccess, CancellationToken cancellationToken)
   at CyberSphere.Infrastructure.Persistence.Repositories.AiSessionRepository.SaveChangesAsync(CancellationToken ct) in D:\Graduation Project\cyber_sphere\CyberSphere\CyberSphere.Infrastructure\Persistence\Repositories\AiSessionRepository.cs:line 50
   at CyberSphere.Application.Features.Ai.Commands.SendMessage.SendAiMessageCommandHandler.Handle(SendAiMessageCommand cmd, CancellationToken ct) in D:\Graduation Project\cyber_sphere\CyberSphere\CyberSphere.Application\Features\Ai\Commands\SendMessage\Sendaimessagecommand.cs:line 126
   at CyberSphere.Application.Common.Behaviors.ValidationBehavior`2.Handle(TRequest request, RequestHandlerDelegate`1 next, CancellationToken ct) in D:\Graduation Project\cyber_sphere\CyberSphere\CyberSphere.Application\Common\Behaviors\ValidationBehavior.cs:line 54
   at CyberSphere.Application.Common.Behaviors.LoggingBehavior`2.Handle(TRequest request, RequestHandlerDelegate`1 next, CancellationToken ct) in D:\Graduation Project\cyber_sphere\CyberSphere\CyberSphere.Application\Common\Behaviors\LoggingBehavior.cs:line 39
   at CyberSphere.Api.Controllers.AiController.SendMessage(Guid sessionId, SendAiMessageRequest request, CancellationToken ct) in D:\Graduation Project\cyber_sphere\CyberSphere\CyberSphere.Api\Controllers\AiController.cs:line 235
   at lambda_method344(Closure, Object)
   at Microsoft.AspNetCore.Mvc.Infrastructure.ActionMethodExecutor.AwaitableObjectResultExecutor.Execute(ActionContext actionContext, IActionResultTypeMapper mapper, ObjectMethodExecutor executor, Object controller, Object[] arguments)
   at Microsoft.AspNetCore.Mvc.Infrastructure.ControllerActionInvoker.<InvokeActionMethodAsync>g__Awaited|12_0(ControllerActionInvoker invoker, ValueTask`1 actionResultValueTask)
   at Microsoft.AspNetCore.Mvc.Infrastructure.ControllerActionInvoker.<InvokeNextActionFilterAsync>g__Awaited|10_0(ControllerActionInvoker invoker, Task lastTask, State next, Scope scope, Object state, Boolean isCompleted)
   at Microsoft.AspNetCore.Mvc.Infrastructure.ControllerActionInvoker.Rethrow(ActionExecutedContextSealed context)
   at Microsoft.AspNetCore.Mvc.Infrastructure.ControllerActionInvoker.Next(State& next, Scope& scope, Object& state, Boolean& isCompleted)
   at Microsoft.AspNetCore.Mvc.Infrastructure.ControllerActionInvoker.<InvokeInnerFilterAsync>g__Awaited|13_0(ControllerActionInvoker invoker, Task lastTask, State next, Scope scope, Object state, Boolean isCompleted)
   at Microsoft.AspNetCore.Mvc.Infrastructure.ResourceInvoker.<InvokeFilterPipelineAsync>g__Awaited|20_0(ResourceInvoker invoker, Task lastTask, State next, Scope scope, Object state, Boolean isCompleted)
   at Microsoft.AspNetCore.Mvc.Infrastructure.ResourceInvoker.<InvokeAsync>g__Awaited|17_0(ResourceInvoker invoker, Task task, IDisposable scope)
   at Microsoft.AspNetCore.Mvc.Infrastructure.ResourceInvoker.<InvokeAsync>g__Awaited|17_0(ResourceInvoker invoker, Task task, IDisposable scope)
   at Microsoft.AspNetCore.Authorization.AuthorizationMiddleware.Invoke(HttpContext context)
   at Microsoft.AspNetCore.Authentication.AuthenticationMiddleware.Invoke(HttpContext context)
   at Microsoft.AspNetCore.RateLimiting.RateLimitingMiddleware.InvokeInternal(HttpContext context, EnableRateLimitingAttribute enableRateLimitingAttribute)
   at Swashbuckle.AspNetCore.SwaggerUI.SwaggerUIMiddleware.Invoke(HttpContext httpContext)
   at Swashbuckle.AspNetCore.SwaggerUI.SwaggerUIMiddleware.Invoke(HttpContext httpContext)
   at Swashbuckle.AspNetCore.Swagger.SwaggerMiddleware.Invoke(HttpContext httpContext, ISwaggerProvider swaggerProvider)
   at Serilog.AspNetCore.RequestLoggingMiddleware.Invoke(HttpContext httpContext)
2026-06-19 00:28:43.707 +03:00 [ERR] CyberSphere.Api.Middleware.ErrorHandlingMiddleware: Unhandled exception for POST /api/ai/sessions/4c7343a8-a9bb-46aa-a3f4-c80fb3170fd1/messages
Microsoft.EntityFrameworkCore.DbUpdateConcurrencyException: The database operation was expected to affect 1 row(s), but actually affected 0 row(s); data may have been modified or deleted since entities were loaded. See https://go.microsoft.com/fwlink/?LinkId=527962 for information on understanding and handling optimistic concurrency exceptions.
   at Microsoft.EntityFrameworkCore.Update.AffectedCountModificationCommandBatch.ThrowAggregateUpdateConcurrencyExceptionAsync(RelationalDataReader reader, Int32 commandIndex, Int32 expectedRowsAffected, Int32 rowsAffected, CancellationToken cancellationToken)
   at Microsoft.EntityFrameworkCore.Update.AffectedCountModificationCommandBatch.ConsumeResultSetWithRowsAffectedOnlyAsync(Int32 commandIndex, RelationalDataReader reader, CancellationToken cancellationToken)
   at Microsoft.EntityFrameworkCore.Update.AffectedCountModificationCommandBatch.ConsumeAsync(RelationalDataReader reader, CancellationToken cancellationToken)
   at Microsoft.EntityFrameworkCore.Update.ReaderModificationCommandBatch.ExecuteAsync(IRelationalConnection connection, CancellationToken cancellationToken)
   at Microsoft.EntityFrameworkCore.Update.ReaderModificationCommandBatch.ExecuteAsync(IRelationalConnection connection, CancellationToken cancellationToken)
   at Microsoft.EntityFrameworkCore.SqlServer.Update.Internal.SqlServerModificationCommandBatch.ExecuteAsync(IRelationalConnection connection, CancellationToken cancellationToken)
   at Microsoft.EntityFrameworkCore.Update.Internal.BatchExecutor.ExecuteAsync(IEnumerable`1 commandBatches, IRelationalConnection connection, CancellationToken cancellationToken)
   at Microsoft.EntityFrameworkCore.Update.Internal.BatchExecutor.ExecuteAsync(IEnumerable`1 commandBatches, IRelationalConnection connection, CancellationToken cancellationToken)
   at Microsoft.EntityFrameworkCore.Update.Internal.BatchExecutor.ExecuteAsync(IEnumerable`1 commandBatches, IRelationalConnection connection, CancellationToken cancellationToken)
   at Microsoft.EntityFrameworkCore.ChangeTracking.Internal.StateManager.SaveChangesAsync(IList`1 entriesToSave, CancellationToken cancellationToken)
   at Microsoft.EntityFrameworkCore.ChangeTracking.Internal.StateManager.SaveChangesAsync(StateManager stateManager, Boolean acceptAllChangesOnSuccess, CancellationToken cancellationToken)
   at Microsoft.EntityFrameworkCore.SqlServer.Storage.Internal.SqlServerExecutionStrategy.ExecuteAsync[TState,TResult](TState state, Func`4 operation, Func`4 verifySucceeded, CancellationToken cancellationToken)
   at Microsoft.EntityFrameworkCore.DbContext.SaveChangesAsync(Boolean acceptAllChangesOnSuccess, CancellationToken cancellationToken)
   at CyberSphere.Infrastructure.Persistence.Repositories.AiSessionRepository.SaveChangesAsync(CancellationToken ct) in D:\Graduation Project\cyber_sphere\CyberSphere\CyberSphere.Infrastructure\Persistence\Repositories\AiSessionRepository.cs:line 50
   at CyberSphere.Application.Features.Ai.Commands.SendMessage.SendAiMessageCommandHandler.Handle(SendAiMessageCommand cmd, CancellationToken ct) in D:\Graduation Project\cyber_sphere\CyberSphere\CyberSphere.Application\Features\Ai\Commands\SendMessage\Sendaimessagecommand.cs:line 126
   at CyberSphere.Application.Common.Behaviors.ValidationBehavior`2.Handle(TRequest request, RequestHandlerDelegate`1 next, CancellationToken ct) in D:\Graduation Project\cyber_sphere\CyberSphere\CyberSphere.Application\Common\Behaviors\ValidationBehavior.cs:line 54
   at CyberSphere.Application.Common.Behaviors.LoggingBehavior`2.Handle(TRequest request, RequestHandlerDelegate`1 next, CancellationToken ct) in D:\Graduation Project\cyber_sphere\CyberSphere\CyberSphere.Application\Common\Behaviors\LoggingBehavior.cs:line 39
   at CyberSphere.Api.Controllers.AiController.SendMessage(Guid sessionId, SendAiMessageRequest request, CancellationToken ct) in D:\Graduation Project\cyber_sphere\CyberSphere\CyberSphere.Api\Controllers\AiController.cs:line 235
   at lambda_method344(Closure, Object)
   at Microsoft.AspNetCore.Mvc.Infrastructure.ActionMethodExecutor.AwaitableObjectResultExecutor.Execute(ActionContext actionContext, IActionResultTypeMapper mapper, ObjectMethodExecutor executor, Object controller, Object[] arguments)
   at Microsoft.AspNetCore.Mvc.Infrastructure.ControllerActionInvoker.<InvokeActionMethodAsync>g__Awaited|12_0(ControllerActionInvoker invoker, ValueTask`1 actionResultValueTask)
   at Microsoft.AspNetCore.Mvc.Infrastructure.ControllerActionInvoker.<InvokeNextActionFilterAsync>g__Awaited|10_0(ControllerActionInvoker invoker, Task lastTask, State next, Scope scope, Object state, Boolean isCompleted)
   at Microsoft.AspNetCore.Mvc.Infrastructure.ControllerActionInvoker.Rethrow(ActionExecutedContextSealed context)
   at Microsoft.AspNetCore.Mvc.Infrastructure.ControllerActionInvoker.Next(State& next, Scope& scope, Object& state, Boolean& isCompleted)
   at Microsoft.AspNetCore.Mvc.Infrastructure.ControllerActionInvoker.<InvokeInnerFilterAsync>g__Awaited|13_0(ControllerActionInvoker invoker, Task lastTask, State next, Scope scope, Object state, Boolean isCompleted)
   at Microsoft.AspNetCore.Mvc.Infrastructure.ResourceInvoker.<InvokeFilterPipelineAsync>g__Awaited|20_0(ResourceInvoker invoker, Task lastTask, State next, Scope scope, Object state, Boolean isCompleted)
   at Microsoft.AspNetCore.Mvc.Infrastructure.ResourceInvoker.<InvokeAsync>g__Awaited|17_0(ResourceInvoker invoker, Task task, IDisposable scope)
   at Microsoft.AspNetCore.Mvc.Infrastructure.ResourceInvoker.<InvokeAsync>g__Awaited|17_0(ResourceInvoker invoker, Task task, IDisposable scope)
   at Microsoft.AspNetCore.Authorization.AuthorizationMiddleware.Invoke(HttpContext context)
   at Microsoft.AspNetCore.Authentication.AuthenticationMiddleware.Invoke(HttpContext context)
   at Microsoft.AspNetCore.RateLimiting.RateLimitingMiddleware.InvokeInternal(HttpContext context, EnableRateLimitingAttribute enableRateLimitingAttribute)
   at Swashbuckle.AspNetCore.SwaggerUI.SwaggerUIMiddleware.Invoke(HttpContext httpContext)
   at Swashbuckle.AspNetCore.SwaggerUI.SwaggerUIMiddleware.Invoke(HttpContext httpContext)
   at Swashbuckle.AspNetCore.Swagger.SwaggerMiddleware.Invoke(HttpContext httpContext, ISwaggerProvider swaggerProvider)
   at Serilog.AspNetCore.RequestLoggingMiddleware.Invoke(HttpContext httpContext)
   at CyberSphere.Api.Middleware.ErrorHandlingMiddleware.InvokeAsync(HttpContext context) in D:\Graduation Project\cyber_sphere\CyberSphere\CyberSphere.Api\Middleware\ErrorHandlingMiddleware.cs:line 32
2026-06-19 00:37:51.365 +03:00 [INF] Microsoft.EntityFrameworkCore.Database.Command: Executed DbCommand (19ms) [Parameters=[], CommandType='"Text"', CommandTimeout='30']
SELECT 1
2026-06-19 00:37:51.709 +03:00 [INF] Microsoft.EntityFrameworkCore.Database.Command: Executed DbCommand (308ms) [Parameters=[], CommandType='"Text"', CommandTimeout='30']
SELECT OBJECT_ID(N'[__EFMigrationsHistory]');
2026-06-19 00:37:51.714 +03:00 [INF] Microsoft.EntityFrameworkCore.Database.Command: Executed DbCommand (1ms) [Parameters=[], CommandType='"Text"', CommandTimeout='30']
SELECT 1
2026-06-19 00:37:51.717 +03:00 [INF] Microsoft.EntityFrameworkCore.Database.Command: Executed DbCommand (1ms) [Parameters=[], CommandType='"Text"', CommandTimeout='30']
SELECT OBJECT_ID(N'[__EFMigrationsHistory]');
2026-06-19 00:37:51.734 +03:00 [INF] Microsoft.EntityFrameworkCore.Database.Command: Executed DbCommand (2ms) [Parameters=[], CommandType='"Text"', CommandTimeout='30']
SELECT [MigrationId], [ProductVersion]
FROM [__EFMigrationsHistory]
ORDER BY [MigrationId];
2026-06-19 00:37:51.904 +03:00 [INF] Microsoft.EntityFrameworkCore.Database.Command: Executed DbCommand (1ms) [Parameters=[], CommandType='"Text"', CommandTimeout='30']
SELECT CASE
    WHEN EXISTS (
        SELECT 1
        FROM [Categories] AS [c]) THEN CAST(1 AS bit)
    ELSE CAST(0 AS bit)
END
2026-06-19 00:37:52.005 +03:00 [INF] Microsoft.Hosting.Lifetime: Now listening on: https://localhost:7272
2026-06-19 00:37:52.007 +03:00 [INF] Microsoft.Hosting.Lifetime: Now listening on: http://localhost:5179
2026-06-19 00:37:52.113 +03:00 [INF] Microsoft.Hosting.Lifetime: Application started. Press Ctrl+C to shut down.
2026-06-19 00:37:52.115 +03:00 [INF] Microsoft.Hosting.Lifetime: Hosting environment: Development
2026-06-19 00:37:52.116 +03:00 [INF] Microsoft.Hosting.Lifetime: Content root path: D:\Graduation Project\cyber_sphere\CyberSphere\CyberSphere.Api
2026-06-19 00:37:52.213 +03:00 [INF] Serilog.AspNetCore.RequestLoggingMiddleware: HTTP GET /swagger/index.html responded 200 in 73.0336ms
2026-06-19 00:37:52.449 +03:00 [INF] Serilog.AspNetCore.RequestLoggingMiddleware: HTTP GET /swagger/v1/swagger.json responded 200 in 85.5310ms
